Year: 1, Month: 5 - Genetics research finished <p>
Year: 1, Month: 5 - Physics research finished <p>
Year: 1, Month: 5 - Engineering research finished <p>
Year: 1, Month: 5 - Water Purifier research finished <p>
Year: 1, Month: 5 - Gene Engineering research finished <p>
Year: 1, Month: 5 - Bioengineering Master research finished <p>
Year: 1, Month: 5 - Cloning research finished <p>
Year: 1, Month: 5 - Artifical DNA research finished <p>
Year: 1, Month: 5 - Synthetics research finished <p>
Year: 1, Month: 5 - Medical Theories research finished <p>
Year: 1, Month: 5 - Drug Synthesis research finished <p>
Year: 1, Month: 5 - Regenerators research finished <p>
Year: 1, Month: 5 - Medical Equipment research finished <p>
Year: 1, Month: 5 - Gene Scanners research finished <p>
Year: 1, Month: 5 - Electromagnetism research finished <p>
Year: 1, Month: 5 - Scouters research finished <p>
Year: 1, Month: 5 - Electrochemistry research finished <p>
Year: 1, Month: 5 - Sparring Gloves research finished <p>
Year: 1, Month: 5 - Thermodynamics research finished <p>
Year: 1, Month: 5 - Fossil Fuels research finished <p>
Year: 1, Month: 5 - Oxygen research finished <p>
Year: 1, Month: 5 - Quantum Mechanics research finished <p>
Year: 1, Month: 5 - Gravitational Fields research finished <p>
Year: 1, Month: 5 - Gravity Machine research finished <p>
Year: 1, Month: 5 - Weather Manipulation research finished <p>
Year: 1, Month: 5 - Microwave Domes research finished <p>
Year: 1, Month: 5 - Weather Control Machine research finished <p>
Year: 1, Month: 5 - Terraforming research finished <p>
Year: 1, Month: 5 - Shovels research finished <p>
Year: 1, Month: 5 - Hand Drill research finished <p>
Year: 1, Month: 5 - Super Drill research finished <p>
Year: 1, Month: 5 - Mining research finished <p>
Year: 1, Month: 5 - Resource Extractions research finished <p>
Year: 1, Month: 5 - Material Theories research finished <p>
Year: 1, Month: 5 - Weights research finished <p>
Year: 1, Month: 5 - Armors research finished <p>
Year: 1, Month: 5 - Battle Hammers research finished <p>
Year: 1, Month: 5 - Battle Axes research finished <p>
Year: 1, Month: 5 - Swords research finished <p>
Year: 1, Month: 5 - Structural Engineering research finished <p>
Year: 1, Month: 5 - Mechatronics Theory research finished <p>
Year: 1, Month: 5 - Robotics research finished <p>
Year: 1, Month: 5 - Cybernetics research finished <p>
Year: 1, Month: 5 - Artifical Inteligence research finished <p>
Year: 1, Month: 5 - Aerospace Theories research finished <p>
Year: 1, Month: 5 - Spacecraft Hulls research finished <p>
Year: 1, Month: 5 - Spacecraft Propulsion research finished <p>
Year: 1, Month: 5 - Spacecraft Enviromentals research finished <p>
Year: 1, Month: 5 - Space Pods research finished <p>
Year: 1, Month: 5 - Space Ships research finished <p>
Year: 1, Month: 5 - Storage Theories research finished <p>
Year: 1, Month: 5 - Basic Storage research finished <p>
Year: 1, Month: 5 - Refridgerators research finished <p>
Year: 1, Month: 5 - Locators research finished <p>
Year: 1, Month: 5 - Capsules research finished <p>
Year: 1, Month: 5 - Gene Mapping research finished <p>
Year: 1, Month: 5 - Gene Manipulation research finished <p>
Year: 1, Month: 5 - Gene Splicing research finished <p>
Year: 1, Month: 5 - Advanced Resource Extractions research finished <p>
Year: 1, Month: 5 - Automated Drill Towers research finished <p>
Year: 1, Month: 5 - Molecular Engineering research finished <p>
Year: 1, Month: 5 - You lack the required Stone needed: 6000, You have: 0  <p>
Year: 1, Month: 5 - Admin Pass: CC Ship created!  <p>
Year: 1, Month: 5 - Coordinates set to Random Exploration.  <p>
Year: 1, Month: 5 - Ship Controls is preparing to launch in 10 seconds  <p>
Year: 1, Month: 5 - Traveling to Namek...  <p>
Year: 1, Month: 5 - Travel interrupted, check your pod!  <p>
Year: 1, Month: 5 - Loaded character <p>
Year: 1, Month: 5 - You lack the required Stone needed: 6000, You have: 0  <p>
Year: 1, Month: 5 - Admin Pass: CC Ship created!  <p>
Year: 1, Month: 5 - You lack the required Copper needed: 3500, You have: 0  <p>
Year: 1, Month: 5 - Admin Pass: Scouter(Kid) created!  <p>
Year: 1, Month: 5 - You lack the required Stone needed: 6000, You have: 0  <p>
Year: 1, Month: 5 - Admin Pass: CC Ship created!  <p>
Year: 1, Month: 5 - You lack the required Stone needed: 6000, You have: 0  <p>
Year: 1, Month: 5 - Admin Pass: Space Pod created!  <p>
Year: 1, Month: 5 - You lack the required Copper needed: 3500, You have: 0  <p>
Year: 1, Month: 5 - Admin Pass: Scouter created!  <p>
Year: 1, Month: 5 - Coordinates set to Random Exploration.  <p>
Year: 1, Month: 5 - Space Pod is preparing to launch in 10 seconds  <p>
Year: 1, Month: 5 - Traveling to Vegeta...  <p>
Year: 1, Month: 5 - Arrived at Vegeta.  <p>
Year: 1, Month: 5 - Loaded character <p>
Year: 1, Month: 5 - Genetics research finished <p>
Year: 1, Month: 5 - Gene Engineering research finished <p>
Year: 1, Month: 5 - Bioengineering Master research finished <p>
Year: 1, Month: 5 - Cloning research finished <p>
Year: 1, Month: 5 - Artifical DNA research finished <p>
Year: 1, Month: 5 - Synthetics research finished <p>
Year: 1, Month: 5 - Medical Theories research finished <p>
Year: 1, Month: 5 - Drug Synthesis research finished <p>
Year: 1, Month: 5 - Regenerators research finished <p>
Year: 1, Month: 5 - Medical Equipment research finished <p>
Year: 1, Month: 5 - Gene Scanners research finished <p>
Year: 1, Month: 5 - Physics research finished <p>
Year: 1, Month: 5 - Electromagnetism research finished <p>
Year: 1, Month: 5 - Scouters research finished <p>
Year: 1, Month: 5 - Electrochemistry research finished <p>
Year: 1, Month: 5 - Sparring Gloves research finished <p>
Year: 1, Month: 5 - Thermodynamics research finished <p>
Year: 1, Month: 5 - Fossil Fuels research finished <p>
Year: 1, Month: 5 - Oxygen research finished <p>
Year: 1, Month: 5 - Quantum Mechanics research finished <p>
Year: 1, Month: 5 - Gravitational Fields research finished <p>
Year: 1, Month: 5 - Gravity Machine research finished <p>
Year: 1, Month: 5 - Weather Manipulation research finished <p>
Year: 1, Month: 5 - Microwave Domes research finished <p>
Year: 1, Month: 5 - Weather Control Machine research finished <p>
Year: 1, Month: 5 - Terraforming research finished <p>
Year: 1, Month: 5 - Engineering research finished <p>
Year: 1, Month: 5 - Shovels research finished <p>
Year: 1, Month: 5 - Hand Drill research finished <p>
Year: 1, Month: 5 - Super Drill research finished <p>
Year: 1, Month: 5 - Mining research finished <p>
Year: 1, Month: 5 - Resource Extractions research finished <p>
Year: 1, Month: 5 - Material Theories research finished <p>
Year: 1, Month: 5 - Weights research finished <p>
Year: 1, Month: 5 - Water Purifier research finished <p>
Year: 1, Month: 5 - Armors research finished <p>
Year: 1, Month: 5 - Battle Hammers research finished <p>
Year: 1, Month: 5 - Battle Axes research finished <p>
Year: 1, Month: 5 - Swords research finished <p>
Year: 1, Month: 5 - Structural Engineering research finished <p>
Year: 1, Month: 5 - Mechatronics Theory research finished <p>
Year: 1, Month: 5 - Robotics research finished <p>
Year: 1, Month: 5 - Cybernetics research finished <p>
Year: 1, Month: 5 - Artifical Inteligence research finished <p>
Year: 1, Month: 5 - Aerospace Theories research finished <p>
Year: 1, Month: 5 - Spacecraft Hulls research finished <p>
Year: 1, Month: 5 - Spacecraft Propulsion research finished <p>
Year: 1, Month: 5 - Spacecraft Enviromentals research finished <p>
Year: 1, Month: 5 - Space Pods research finished <p>
Year: 1, Month: 5 - Space Ships research finished <p>
Year: 1, Month: 5 - Storage Theories research finished <p>
Year: 1, Month: 5 - Basic Storage research finished <p>
Year: 1, Month: 5 - Refridgerators research finished <p>
Year: 1, Month: 5 - Locators research finished <p>
Year: 1, Month: 5 - Capsules research finished <p>
Year: 1, Month: 5 - Gene Mapping research finished <p>
Year: 1, Month: 5 - Gene Manipulation research finished <p>
Year: 1, Month: 5 - Gene Splicing research finished <p>
Year: 1, Month: 5 - Advanced Resource Extractions research finished <p>
Year: 1, Month: 5 - Automated Drill Towers research finished <p>
Year: 1, Month: 5 - Molecular Engineering research finished <p>
Year: 1, Month: 5 - You lack the required Stone needed: 6000, You have: 0  <p>
Year: 1, Month: 5 - Admin Pass: CC Ship created!  <p>
Year: 1, Month: 5 - You lack the required Stone needed: 6000, You have: 0  <p>
Year: 1, Month: 5 - You were gifted 1e+11 Dokuro coins!  <p>
Year: 1, Month: 5 - You have become resilient to this form of training. (Meditating)  <p>
Year: 1, Month: 5 - Loaded character <p>
Year: 1, Month: 5 - Genetics research finished <p>
Year: 1, Month: 5 - Gene Engineering research finished <p>
Year: 1, Month: 5 - Bioengineering Master research finished <p>
Year: 1, Month: 5 - Cloning research finished <p>
Year: 1, Month: 5 - Artifical DNA research finished <p>
Year: 1, Month: 5 - Synthetics research finished <p>
Year: 1, Month: 5 - Medical Theories research finished <p>
Year: 1, Month: 5 - Drug Synthesis research finished <p>
Year: 1, Month: 5 - Regenerators research finished <p>
Year: 1, Month: 5 - Medical Equipment research finished <p>
Year: 1, Month: 5 - Gene Scanners research finished <p>
Year: 1, Month: 5 - Physics research finished <p>
Year: 1, Month: 5 - Electromagnetism research finished <p>
Year: 1, Month: 5 - Scouters research finished <p>
Year: 1, Month: 5 - Electrochemistry research finished <p>
Year: 1, Month: 5 - Sparring Gloves research finished <p>
Year: 1, Month: 5 - Thermodynamics research finished <p>
Year: 1, Month: 5 - Fossil Fuels research finished <p>
Year: 1, Month: 5 - Oxygen research finished <p>
Year: 1, Month: 5 - Quantum Mechanics research finished <p>
Year: 1, Month: 5 - Gravitational Fields research finished <p>
Year: 1, Month: 5 - Gravity Machine research finished <p>
Year: 1, Month: 5 - Weather Manipulation research finished <p>
Year: 1, Month: 5 - Microwave Domes research finished <p>
Year: 1, Month: 5 - Weather Control Machine research finished <p>
Year: 1, Month: 5 - Terraforming research finished <p>
Year: 1, Month: 5 - Engineering research finished <p>
Year: 1, Month: 5 - Shovels research finished <p>
Year: 1, Month: 5 - Hand Drill research finished <p>
Year: 1, Month: 5 - Super Drill research finished <p>
Year: 1, Month: 5 - Mining research finished <p>
Year: 1, Month: 5 - Resource Extractions research finished <p>
Year: 1, Month: 5 - Material Theories research finished <p>
Year: 1, Month: 5 - Weights research finished <p>
Year: 1, Month: 5 - Water Purifier research finished <p>
Year: 1, Month: 5 - Armors research finished <p>
Year: 1, Month: 5 - Battle Hammers research finished <p>
Year: 1, Month: 5 - Battle Axes research finished <p>
Year: 1, Month: 5 - Swords research finished <p>
Year: 1, Month: 5 - Structural Engineering research finished <p>
Year: 1, Month: 5 - Mechatronics Theory research finished <p>
Year: 1, Month: 5 - Robotics research finished <p>
Year: 1, Month: 5 - Cybernetics research finished <p>
Year: 1, Month: 5 - Artifical Inteligence research finished <p>
Year: 1, Month: 5 - Aerospace Theories research finished <p>
Year: 1, Month: 5 - Spacecraft Hulls research finished <p>
Year: 1, Month: 5 - Spacecraft Propulsion research finished <p>
Year: 1, Month: 5 - Spacecraft Enviromentals research finished <p>
Year: 1, Month: 5 - Space Pods research finished <p>
Year: 1, Month: 5 - Space Ships research finished <p>
Year: 1, Month: 5 - Storage Theories research finished <p>
Year: 1, Month: 5 - Basic Storage research finished <p>
Year: 1, Month: 5 - Refridgerators research finished <p>
Year: 1, Month: 5 - Locators research finished <p>
Year: 1, Month: 5 - Capsules research finished <p>
Year: 1, Month: 5 - Gene Mapping research finished <p>
Year: 1, Month: 5 - Gene Manipulation research finished <p>
Year: 1, Month: 5 - Gene Splicing research finished <p>
Year: 1, Month: 5 - Advanced Resource Extractions research finished <p>
Year: 1, Month: 5 - Automated Drill Towers research finished <p>
Year: 1, Month: 5 - Molecular Engineering research finished <p>
Year: 1, Month: 5 - Admin Pass: Scouter created!  <p>
Year: 1, Month: 5 - Unable to place. Too far away.  <p>
Year: 1, Month: 5 - Admin Pass: Scouter created!  <p>
Year: 1, Month: 5 - Admin Pass: CC Ship created!  <p>
Year: 1, Month: 5 - You lack the required Copper needed: 4000, You have: 2500  <p>
