Year: 1, Month: 0 - Genetics research finished <p>
Year: 1, Month: 0 - Physics research finished <p>
Year: 1, Month: 0 - Engineering research finished <p>
Year: 1, Month: 0 - Water Purifier research finished <p>
Year: 1, Month: 0 - Loaded character <p>
Year: 1, Month: 0 - Select an item to store inside  <p>
Year: 1, Month: 0 - Coordinates set to Explore Space.  <p>
Year: 1, Month: 0 - Coordinates set to Vegeta.  <p>
Year: 1, Month: 0 - Ship Controls is preparing to launch in 10 seconds  <p>
Year: 1, Month: 0 - Traveling to Vegeta...  <p>
Year: 1, Month: 0 - You lack the required Stone needed: 6000, You have: 0  <p>
Year: 1, Month: 0 - You lack the required Stone needed: 6000, You have: 0  <p>
Year: 1, Month: 0 - Coordinates set to Vegeta.  <p>
Year: 1, Month: 0 - Flight leveled up to 2 <p>
Year: 1, Month: 0 - Loaded character <p>
Year: 1, Month: 0 - Select an item to store inside  <p>
Year: 1, Month: 0 - Select an item to store inside  <p>
Year: 1, Month: 0 - Select an item to store inside  <p>
Year: 1, Month: 0 - Gene Engineering research finished <p>
Year: 1, Month: 0 - Bioengineering Master research finished <p>
Year: 1, Month: 0 - Cloning research finished <p>
Year: 1, Month: 0 - Artifical DNA research finished <p>
Year: 1, Month: 0 - Synthetics research finished <p>
Year: 1, Month: 0 - Medical Theories research finished <p>
Year: 1, Month: 0 - Drug Synthesis research finished <p>
Year: 1, Month: 0 - Regenerators research finished <p>
Year: 1, Month: 0 - Medical Equipment research finished <p>
Year: 1, Month: 0 - Gene Scanners research finished <p>
Year: 1, Month: 0 - Electromagnetism research finished <p>
Year: 1, Month: 0 - Scouters research finished <p>
Year: 1, Month: 0 - Electrochemistry research finished <p>
Year: 1, Month: 0 - Sparring Gloves research finished <p>
Year: 1, Month: 0 - Thermodynamics research finished <p>
Year: 1, Month: 0 - Fossil Fuels research finished <p>
Year: 1, Month: 0 - Oxygen research finished <p>
Year: 1, Month: 0 - Quantum Mechanics research finished <p>
Year: 1, Month: 0 - Gravitational Fields research finished <p>
Year: 1, Month: 0 - Gravity Machine research finished <p>
Year: 1, Month: 0 - Weather Manipulation research finished <p>
Year: 1, Month: 0 - Microwave Domes research finished <p>
Year: 1, Month: 0 - Weather Control Machine research finished <p>
Year: 1, Month: 0 - Terraforming research finished <p>
Year: 1, Month: 0 - Shovels research finished <p>
Year: 1, Month: 0 - Hand Drill research finished <p>
Year: 1, Month: 0 - Super Drill research finished <p>
Year: 1, Month: 0 - Mining research finished <p>
Year: 1, Month: 0 - Resource Extractions research finished <p>
Year: 1, Month: 0 - Material Theories research finished <p>
Year: 1, Month: 0 - Weights research finished <p>
Year: 1, Month: 0 - Armors research finished <p>
Year: 1, Month: 0 - Battle Hammers research finished <p>
Year: 1, Month: 0 - Battle Axes research finished <p>
Year: 1, Month: 0 - Swords research finished <p>
Year: 1, Month: 0 - Structural Engineering research finished <p>
Year: 1, Month: 0 - Mechatronics Theory research finished <p>
Year: 1, Month: 0 - Robotics research finished <p>
Year: 1, Month: 0 - Cybernetics research finished <p>
Year: 1, Month: 0 - Artifical Inteligence research finished <p>
Year: 1, Month: 0 - Aerospace Theories research finished <p>
Year: 1, Month: 0 - Spacecraft Hulls research finished <p>
Year: 1, Month: 0 - Spacecraft Propulsion research finished <p>
Year: 1, Month: 0 - Spacecraft Enviromentals research finished <p>
Year: 1, Month: 0 - Space Pods research finished <p>
Year: 1, Month: 0 - Space Ships research finished <p>
Year: 1, Month: 0 - Storage Theories research finished <p>
Year: 1, Month: 0 - Basic Storage research finished <p>
Year: 1, Month: 0 - Refridgerators research finished <p>
Year: 1, Month: 0 - Locators research finished <p>
Year: 1, Month: 0 - Capsules research finished <p>
Year: 1, Month: 0 - Gene Mapping research finished <p>
Year: 1, Month: 0 - Gene Manipulation research finished <p>
Year: 1, Month: 0 - Gene Splicing research finished <p>
Year: 1, Month: 0 - Advanced Resource Extractions research finished <p>
Year: 1, Month: 0 - Automated Drill Towers research finished <p>
Year: 1, Month: 0 - Molecular Engineering research finished <p>
Year: 1, Month: 0 - You lack the required Stone needed: 6000, You have: 0  <p>
Year: 1, Month: 0 - Admin Pass: CC Ship created!  <p>
Year: 1, Month: 0 - Select an item to store inside  <p>
Year: 1, Month: 0 - Select an item to store inside  <p>
Year: 1, Month: 0 - Select an item to store inside  <p>
Year: 1, Month: 0 - Select an item to store inside  <p>
Year: 1, Month: 0 - Loaded character <p>
Year: 1, Month: 0 - Select an item to store inside  <p>
Year: 1, Month: 0 - You lack the required Stone needed: 6000, You have: 0  <p>
Year: 1, Month: 0 - Admin Pass: CC Ship created!  <p>
Year: 1, Month: 0 - Select an item to store inside  <p>
Year: 1, Month: 0 - Select an item to store inside  <p>
Year: 1, Month: 0 - Loaded character <p>
Year: 1, Month: 0 - Due to inactivity you have 0.3 minute(s) of accelerated gains.  <p>
Year: 1, Month: 0 - You lack the required Stone needed: 6000, You have: 0  <p>
Year: 1, Month: 0 - Admin Pass: CC Ship created!  <p>
Year: 1, Month: 0 - Select an item to store inside  <p>
Year: 1, Month: 0 - Select an item to store inside  <p>
Year: 1, Month: 0 - Select an item to store inside  <p>
Year: 1, Month: 0 - Loaded character <p>
Year: 1, Month: 0 - You lack the required Stone needed: 6000, You have: 0  <p>
Year: 1, Month: 0 - Admin Pass: CC Ship created!  <p>
Year: 1, Month: 0 - Select an item to store inside  <p>
Year: 1, Month: 0 - Loaded character <p>
Year: 1, Month: 0 - Due to inactivity you have 1.2 minute(s) of accelerated gains.  <p>
Year: 1, Month: 1 - Month 1, Year 1  <p>
Year: 1, Month: 1 - Loaded character <p>
Year: 1, Month: 1 - Due to inactivity you have 1.4 minute(s) of accelerated gains.  <p>
Year: 1, Month: 1 - Loaded character <p>
Year: 1, Month: 1 - Due to inactivity you have 1.4 minute(s) of accelerated gains.  <p>
Year: 1, Month: 1 - Loaded character <p>
Year: 1, Month: 1 - Due to inactivity you have 1.4 minute(s) of accelerated gains.  <p>
