Year: 1, Month: 1 - Genetics research finished <p>
Year: 1, Month: 1 - Physics research finished <p>
Year: 1, Month: 1 - Engineering research finished <p>
Year: 1, Month: 1 - Water Purifier research finished <p>
Year: 1, Month: 0 - Loaded character <p>
Year: 1, Month: 1 - Medical Theories research finished <p>
Year: 1, Month: 1 - Regenerators research finished <p>
Year: 1, Month: 1 - Medical Equipment research finished <p>
Year: 1, Month: 1 - Gene Scanners research finished <p>
Year: 1, Month: 1 - Electromagnetism research finished <p>
Year: 1, Month: 1 - Scouters research finished <p>
Year: 1, Month: 1 - Sparring Gloves research finished <p>
Year: 1, Month: 1 - Thermodynamics research finished <p>
Year: 1, Month: 1 - Fossil Fuels research finished <p>
Year: 1, Month: 1 - Weather Control Machine research finished <p>
Year: 1, Month: 1 - Terraforming research finished <p>
Year: 1, Month: 1 - Shovels research finished <p>
Year: 1, Month: 1 - Hand Drill research finished <p>
Year: 1, Month: 1 - Super Drill research finished <p>
Year: 1, Month: 1 - Mining research finished <p>
Year: 1, Month: 1 - Resource Extractions research finished <p>
Year: 1, Month: 1 - Material Theories research finished <p>
Year: 1, Month: 1 - Weights research finished <p>
Year: 1, Month: 1 - Armors research finished <p>
Year: 1, Month: 1 - Battle Hammers research finished <p>
Year: 1, Month: 1 - Battle Axes research finished <p>
Year: 1, Month: 1 - Swords research finished <p>
Year: 1, Month: 1 - Structural Engineering research finished <p>
Year: 1, Month: 1 - Spacecraft Hulls research finished <p>
Year: 1, Month: 1 - Space Pods research finished <p>
Year: 1, Month: 1 - Storage Theories research finished <p>
Year: 1, Month: 1 - Basic Storage research finished <p>
Year: 1, Month: 1 - Refridgerators research finished <p>
Year: 1, Month: 1 - Locators research finished <p>
Year: 1, Month: 1 - Capsules research finished <p>
Year: 1, Month: 1 - Advanced Resource Extractions research finished <p>
Year: 1, Month: 1 - Automated Drill Towers research finished <p>
Year: 1, Month: 1 - Molecular Engineering research finished <p>
Year: 1, Month: 1 - Efficient increased by 20+  <p>
Year: 1, Month: 1 - You lack the required Stone needed: 6000, You have: 0  <p>
Year: 1, Month: 1 - Admin Pass: Space Pod created!  <p>
Year: 1, Month: 2 - Month 2, Year 1  <p>
Year: 1, Month: 2 - Genetics research finished <p>
Year: 1, Month: 2 - Physics research finished <p>
Year: 1, Month: 2 - Engineering research finished <p>
Year: 1, Month: 2 - Water Purifier research finished <p>
Year: 1, Month: 2 - Efficient increased by 2+  <p>
Year: 1, Month: 2 - Efficient increased by 1+  <p>
Year: 1, Month: 2 - Loaded character <p>
Year: 1, Month: 2 - Efficient increased by 3+  <p>
Year: 1, Month: 2 - Loaded character <p>
Year: 1, Month: 2 - Due to inactivity you have 2.5 minute(s) of accelerated gains.  <p>
Year: 1, Month: 3 - Month 3, Year 1  <p>
Year: 1, Month: 4 - Month 4, Year 1  <p>
Year: 1, Month: 5 - Month 5, Year 1  <p>
Year: 1, Month: 0 - Genetics research finished <p>
Year: 1, Month: 0 - Physics research finished <p>
Year: 1, Month: 0 - Electromagnetism research finished <p>
Year: 1, Month: 0 - Gravitational Fields research finished <p>
Year: 1, Month: 0 - Gravity Machine research finished <p>
Year: 1, Month: 0 - Microwave Domes research finished <p>
Year: 1, Month: 0 - Weather Control Machine research finished <p>
Year: 1, Month: 0 - Engineering research finished <p>
Year: 1, Month: 0 - Water Purifier research finished <p>
Year: 1, Month: 0 - Loaded character <p>
Year: 1, Month: 0 - Due to inactivity you have 0.5 minute(s) of accelerated gains.  <p>
Year: 1, Month: 0 - Loaded character <p>
Year: 1, Month: 0 - Due to inactivity you have 0.5 minute(s) of accelerated gains.  <p>
Year: 1, Month: 0 - Genetics research finished <p>
Year: 1, Month: 0 - Physics research finished <p>
Year: 1, Month: 0 - Electromagnetism research finished <p>
Year: 1, Month: 0 - Gravitational Fields research finished <p>
Year: 1, Month: 0 - Gravity Machine research finished <p>
Year: 1, Month: 0 - Microwave Domes research finished <p>
Year: 1, Month: 0 - Weather Control Machine research finished <p>
Year: 1, Month: 0 - Engineering research finished <p>
Year: 1, Month: 0 - Water Purifier research finished <p>
Year: 1, Month: 0 - Genetics research finished <p>
Year: 1, Month: 0 - Physics research finished <p>
Year: 1, Month: 0 - Electromagnetism research finished <p>
Year: 1, Month: 0 - Gravitational Fields research finished <p>
Year: 1, Month: 0 - Gravity Machine research finished <p>
Year: 1, Month: 0 - Microwave Domes research finished <p>
Year: 1, Month: 0 - Weather Control Machine research finished <p>
Year: 1, Month: 0 - Engineering research finished <p>
Year: 1, Month: 0 - Water Purifier research finished <p>
Year: 1, Month: 0 - Genetics research finished <p>
Year: 1, Month: 0 - Physics research finished <p>
Year: 1, Month: 0 - Electromagnetism research finished <p>
Year: 1, Month: 0 - Gravitational Fields research finished <p>
Year: 1, Month: 0 - Gravity Machine research finished <p>
Year: 1, Month: 0 - Microwave Domes research finished <p>
Year: 1, Month: 0 - Weather Control Machine research finished <p>
Year: 1, Month: 0 - Engineering research finished <p>
Year: 1, Month: 0 - Water Purifier research finished <p>
Year: 1, Month: 0 - You have become resilient to this form of training. (Meditating)  <p>
