Year: 1, Month: 1 - Genetics research finished <p>
Year: 1, Month: 1 - Physics research finished <p>
Year: 1, Month: 1 - Engineering research finished <p>
Year: 1, Month: 1 - Water Purifier research finished <p>
Year: 1, Month: 1 - Gene Engineering research finished <p>
Year: 1, Month: 1 - Bioengineering Master research finished <p>
Year: 1, Month: 1 - Cloning research finished <p>
Year: 1, Month: 1 - Artifical DNA research finished <p>
Year: 1, Month: 1 - Synthetics research finished <p>
Year: 1, Month: 1 - Medical Theories research finished <p>
Year: 1, Month: 1 - Drug Synthesis research finished <p>
Year: 1, Month: 1 - Regenerators research finished <p>
Year: 1, Month: 1 - Medical Equipment research finished <p>
Year: 1, Month: 1 - Gene Scanners research finished <p>
Year: 1, Month: 1 - Electromagnetism research finished <p>
Year: 1, Month: 1 - Scouters research finished <p>
Year: 1, Month: 1 - Electrochemistry research finished <p>
Year: 1, Month: 1 - Sparring Gloves research finished <p>
Year: 1, Month: 1 - Thermodynamics research finished <p>
Year: 1, Month: 1 - Fossil Fuels research finished <p>
Year: 1, Month: 1 - Oxygen research finished <p>
Year: 1, Month: 1 - Quantum Mechanics research finished <p>
Year: 1, Month: 1 - Gravitational Fields research finished <p>
Year: 1, Month: 1 - Gravity Machine research finished <p>
Year: 1, Month: 1 - Weather Manipulation research finished <p>
Year: 1, Month: 1 - Microwave Domes research finished <p>
Year: 1, Month: 1 - Weather Control Machine research finished <p>
Year: 1, Month: 1 - Terraforming research finished <p>
Year: 1, Month: 1 - Shovels research finished <p>
Year: 1, Month: 1 - Hand Drill research finished <p>
Year: 1, Month: 1 - Super Drill research finished <p>
Year: 1, Month: 1 - Mining research finished <p>
Year: 1, Month: 1 - Resource Extractions research finished <p>
Year: 1, Month: 1 - Material Theories research finished <p>
Year: 1, Month: 1 - Weights research finished <p>
Year: 1, Month: 1 - Armors research finished <p>
Year: 1, Month: 1 - Battle Hammers research finished <p>
Year: 1, Month: 1 - Battle Axes research finished <p>
Year: 1, Month: 1 - Swords research finished <p>
Year: 1, Month: 1 - Structural Engineering research finished <p>
Year: 1, Month: 1 - Mechatronics Theory research finished <p>
Year: 1, Month: 1 - Robotics research finished <p>
Year: 1, Month: 1 - Cybernetics research finished <p>
Year: 1, Month: 1 - Artifical Inteligence research finished <p>
Year: 1, Month: 1 - Aerospace Theories research finished <p>
Year: 1, Month: 1 - Spacecraft Hulls research finished <p>
Year: 1, Month: 1 - Spacecraft Propulsion research finished <p>
Year: 1, Month: 1 - Spacecraft Enviromentals research finished <p>
Year: 1, Month: 1 - Space Pods research finished <p>
Year: 1, Month: 1 - Space Ships research finished <p>
Year: 1, Month: 1 - Storage Theories research finished <p>
Year: 1, Month: 1 - Basic Storage research finished <p>
Year: 1, Month: 1 - Refridgerators research finished <p>
Year: 1, Month: 1 - Locators research finished <p>
Year: 1, Month: 1 - Capsules research finished <p>
Year: 1, Month: 1 - Gene Mapping research finished <p>
Year: 1, Month: 1 - Gene Manipulation research finished <p>
Year: 1, Month: 1 - Gene Splicing research finished <p>
Year: 1, Month: 1 - Advanced Resource Extractions research finished <p>
Year: 1, Month: 1 - Automated Drill Towers research finished <p>
Year: 1, Month: 1 - Molecular Engineering research finished <p>
Year: 1, Month: 1 - Admin Pass: Wrist Weights(Kid) created!  <p>
Year: 1, Month: 1 - Admin Pass: Ankle Weights(Kid) created!  <p>
Year: 1, Month: 1 - You have become resilient to this form of training. (Meditating)  <p>
Year: 1, Month: 1 - You have become resilient to this form of training. (Meditating)  <p>
Year: 1, Month: 1 - You have become resilient to this form of training. (Meditating)  <p>
Year: 1, Month: 1 - You have become resilient to this form of training. (Meditating)  <p>
Year: 1, Month: 1 - You have become resilient to this form of training. (Meditating)  <p>
Year: 1, Month: 1 - You have become resilient to this form of training. (Meditating)  <p>
Year: 1, Month: 1 - You have become resilient to this form of training. (Meditating)  <p>
Year: 1, Month: 1 - You have become resilient to this form of training. (Meditating)  <p>
Year: 1, Month: 1 - You have become resilient to this form of training. (Meditating)  <p>
Year: 1, Month: 1 - You have become resilient to this form of training. (Meditating)  <p>
Year: 1, Month: 1 - You have become resilient to this form of training. (Meditating)  <p>
Year: 1, Month: 1 - You have become resilient to this form of training. (Meditating)  <p>
Year: 1, Month: 1 - You have become resilient to this form of training. (Meditating)  <p>
Year: 1, Month: 0 - Loaded character <p>
