Year: 2, Month: 2 - Genetics research finished <p>
Year: 2, Month: 2 - Physics research finished <p>
Year: 2, Month: 2 - Engineering research finished <p>
Year: 2, Month: 2 - Water Purifier research finished <p>
Year: 2, Month: 2 - Gene Engineering research finished <p>
Year: 2, Month: 2 - Cloning research finished <p>
Year: 2, Month: 2 - Medical Theories research finished <p>
Year: 2, Month: 2 - Drug Synthesis research finished <p>
Year: 2, Month: 2 - Regenerators research finished <p>
Year: 2, Month: 2 - Medical Equipment research finished <p>
Year: 2, Month: 2 - Gene Scanners research finished <p>
Year: 2, Month: 2 - Electromagnetism research finished <p>
Year: 2, Month: 2 - Scouters research finished <p>
Year: 2, Month: 2 - Sparring Gloves research finished <p>
Year: 2, Month: 2 - Thermodynamics research finished <p>
Year: 2, Month: 2 - Fossil Fuels research finished <p>
Year: 2, Month: 2 - Oxygen research finished <p>
Year: 2, Month: 2 - Gravitational Fields research finished <p>
Year: 2, Month: 2 - Gravity Machine research finished <p>
Year: 2, Month: 2 - Microwave Domes research finished <p>
Year: 2, Month: 2 - Weather Control Machine research finished <p>
Year: 2, Month: 2 - Terraforming research finished <p>
Year: 2, Month: 2 - Shovels research finished <p>
Year: 2, Month: 2 - Hand Drill research finished <p>
Year: 2, Month: 2 - Super Drill research finished <p>
Year: 2, Month: 2 - Mining research finished <p>
Year: 2, Month: 2 - Resource Extractions research finished <p>
Year: 2, Month: 2 - Material Theories research finished <p>
Year: 2, Month: 2 - Weights research finished <p>
Year: 2, Month: 2 - Armors research finished <p>
Year: 2, Month: 2 - Battle Hammers research finished <p>
Year: 2, Month: 2 - Battle Axes research finished <p>
Year: 2, Month: 2 - Swords research finished <p>
Year: 2, Month: 2 - Structural Engineering research finished <p>
Year: 2, Month: 2 - Mechatronics Theory research finished <p>
Year: 2, Month: 2 - Spacecraft Hulls research finished <p>
Year: 2, Month: 2 - Space Pods research finished <p>
Year: 2, Month: 2 - Space Ships research finished <p>
Year: 2, Month: 2 - Storage Theories research finished <p>
Year: 2, Month: 2 - Basic Storage research finished <p>
Year: 2, Month: 2 - Refridgerators research finished <p>
Year: 2, Month: 2 - Locators research finished <p>
Year: 2, Month: 2 - Capsules research finished <p>
Year: 2, Month: 2 - Gene Mapping research finished <p>
Year: 2, Month: 2 - Advanced Resource Extractions research finished <p>
Year: 2, Month: 2 - Automated Drill Towers research finished <p>
Year: 2, Month: 2 - Molecular Engineering research finished <p>
