Year: 2, Month: 2 - Genetics research finished <p>
Year: 2, Month: 2 - Physics research finished <p>
Year: 2, Month: 2 - Engineering research finished <p>
Year: 2, Month: 2 - Water Purifier research finished <p>
Year: 2, Month: 2 - Genetics research finished <p>
Year: 2, Month: 2 - Physics research finished <p>
Year: 2, Month: 2 - Engineering research finished <p>
Year: 2, Month: 2 - Water Purifier research finished <p>
Year: 2, Month: 2 - Loaded character <p>
Year: 2, Month: 2 - Scouters leveled up to  <p>
Year: 2, Month: 2 - Scouters research finished <p>
Year: 2, Month: 2 - Admin Pass: Scouters created!  <p>
Year: 2, Month: 2 - Admin Pass: Scouters created!  <p>
Year: 2, Month: 2 - Admin Pass: Scouters created!  <p>
Year: 2, Month: 2 - Admin Pass: Scouters created!  <p>
Year: 2, Month: 2 - Hand Drill leveled up to  <p>
Year: 2, Month: 2 - You lack the required Copper needed: 3500, You have: 0  <p>
Year: 2, Month: 2 - Admin Pass: Scouter(Kid) created!  <p>
Year: 2, Month: 2 - Loaded character <p>
Year: 2, Month: 2 - Due to inactivity you have 0.4 minute(s) of accelerated gains.  <p>
Year: 2, Month: 2 - Super Drill leveled up to  <p>
Year: 2, Month: 2 - You lack the required Copper needed: 700, You have: 0  <p>
Year: 2, Month: 2 - Admin Pass: Super Drill created!  <p>
Year: 2, Month: 2 - Loaded character <p>
Year: 2, Month: 2 - Due to inactivity you have 0.4 minute(s) of accelerated gains.  <p>
Year: 1, Month: 0 - Loaded character <p>
Year: 1, Month: 0 - Due to inactivity you have 0.4 minute(s) of accelerated gains.  <p>
Year: 2, Month: 2 - Gene Engineering research finished <p>
Year: 2, Month: 2 - Bioengineering Master research finished <p>
Year: 2, Month: 2 - Cloning research finished <p>
Year: 2, Month: 2 - Artifical DNA research finished <p>
Year: 2, Month: 2 - Medical Theories research finished <p>
Year: 2, Month: 2 - Drug Synthesis research finished <p>
Year: 2, Month: 2 - Regenerators research finished <p>
Year: 2, Month: 2 - Medical Equipment research finished <p>
Year: 2, Month: 2 - Gene Scanners research finished <p>
Year: 2, Month: 2 - Electromagnetism research finished <p>
Year: 2, Month: 2 - Sparring Gloves research finished <p>
Year: 2, Month: 2 - Thermodynamics research finished <p>
Year: 2, Month: 2 - Fossil Fuels research finished <p>
Year: 2, Month: 2 - Oxygen research finished <p>
Year: 2, Month: 2 - Gravitational Fields research finished <p>
Year: 2, Month: 2 - Gravity Machine research finished <p>
Year: 2, Month: 2 - Microwave Domes research finished <p>
Year: 2, Month: 2 - Weather Control Machine research finished <p>
Year: 2, Month: 2 - Terraforming research finished <p>
Year: 2, Month: 2 - Shovels research finished <p>
Year: 2, Month: 2 - Hand Drill research finished <p>
Year: 2, Month: 2 - Super Drill research finished <p>
Year: 2, Month: 2 - Mining research finished <p>
Year: 2, Month: 2 - Resource Extractions research finished <p>
Year: 2, Month: 2 - Material Theories research finished <p>
Year: 2, Month: 2 - Weights research finished <p>
Year: 2, Month: 2 - Armors research finished <p>
Year: 2, Month: 2 - Battle Hammers research finished <p>
Year: 2, Month: 2 - Battle Axes research finished <p>
Year: 2, Month: 2 - Swords research finished <p>
Year: 2, Month: 2 - Structural Engineering research finished <p>
Year: 2, Month: 2 - Mechatronics Theory research finished <p>
Year: 2, Month: 2 - Spacecraft Hulls research finished <p>
Year: 2, Month: 2 - Space Pods research finished <p>
Year: 2, Month: 2 - Space Ships research finished <p>
Year: 2, Month: 2 - Storage Theories research finished <p>
Year: 2, Month: 2 - Basic Storage research finished <p>
Year: 2, Month: 2 - Refridgerators research finished <p>
Year: 2, Month: 2 - Locators research finished <p>
Year: 2, Month: 2 - Capsules research finished <p>
Year: 2, Month: 2 - Gene Mapping research finished <p>
Year: 2, Month: 2 - Advanced Resource Extractions research finished <p>
Year: 2, Month: 2 - Automated Drill Towers research finished <p>
Year: 2, Month: 2 - Molecular Engineering research finished <p>
Year: 2, Month: 2 - Genetics research finished <p>
Year: 2, Month: 2 - Gene Engineering research finished <p>
Year: 2, Month: 2 - Bioengineering Master research finished <p>
Year: 2, Month: 2 - Cloning research finished <p>
Year: 2, Month: 2 - Artifical DNA research finished <p>
Year: 2, Month: 2 - Medical Theories research finished <p>
Year: 2, Month: 2 - Drug Synthesis research finished <p>
Year: 2, Month: 2 - Regenerators research finished <p>
Year: 2, Month: 2 - Medical Equipment research finished <p>
Year: 2, Month: 2 - Gene Scanners research finished <p>
Year: 2, Month: 2 - Physics research finished <p>
Year: 2, Month: 2 - Electromagnetism research finished <p>
Year: 2, Month: 2 - Scouters research finished <p>
Year: 2, Month: 2 - Sparring Gloves research finished <p>
Year: 2, Month: 2 - Thermodynamics research finished <p>
Year: 2, Month: 2 - Fossil Fuels research finished <p>
Year: 2, Month: 2 - Oxygen research finished <p>
Year: 2, Month: 2 - Gravitational Fields research finished <p>
Year: 2, Month: 2 - Gravity Machine research finished <p>
Year: 2, Month: 2 - Microwave Domes research finished <p>
Year: 2, Month: 2 - Weather Control Machine research finished <p>
Year: 2, Month: 2 - Terraforming research finished <p>
Year: 2, Month: 2 - Engineering research finished <p>
Year: 2, Month: 2 - Shovels research finished <p>
Year: 2, Month: 2 - Hand Drill research finished <p>
Year: 2, Month: 2 - Super Drill research finished <p>
Year: 2, Month: 2 - Mining research finished <p>
Year: 2, Month: 2 - Resource Extractions research finished <p>
Year: 2, Month: 2 - Material Theories research finished <p>
Year: 2, Month: 2 - Weights research finished <p>
Year: 2, Month: 2 - Water Purifier research finished <p>
Year: 2, Month: 2 - Armors research finished <p>
Year: 2, Month: 2 - Battle Hammers research finished <p>
Year: 2, Month: 2 - Battle Axes research finished <p>
Year: 2, Month: 2 - Swords research finished <p>
Year: 2, Month: 2 - Structural Engineering research finished <p>
Year: 2, Month: 2 - Mechatronics Theory research finished <p>
Year: 2, Month: 2 - Spacecraft Hulls research finished <p>
Year: 2, Month: 2 - Space Pods research finished <p>
Year: 2, Month: 2 - Space Ships research finished <p>
Year: 2, Month: 2 - Storage Theories research finished <p>
Year: 2, Month: 2 - Basic Storage research finished <p>
Year: 2, Month: 2 - Refridgerators research finished <p>
Year: 2, Month: 2 - Locators research finished <p>
Year: 2, Month: 2 - Capsules research finished <p>
Year: 2, Month: 2 - Gene Mapping research finished <p>
Year: 2, Month: 2 - Advanced Resource Extractions research finished <p>
Year: 2, Month: 2 - Automated Drill Towers research finished <p>
Year: 2, Month: 2 - Molecular Engineering research finished <p>
Year: 2, Month: 2 - Genetics research finished <p>
Year: 2, Month: 2 - Gene Engineering research finished <p>
Year: 2, Month: 2 - Bioengineering Master research finished <p>
Year: 2, Month: 2 - Cloning research finished <p>
Year: 2, Month: 2 - Artifical DNA research finished <p>
Year: 2, Month: 2 - Medical Theories research finished <p>
Year: 2, Month: 2 - Drug Synthesis research finished <p>
Year: 2, Month: 2 - Regenerators research finished <p>
Year: 2, Month: 2 - Medical Equipment research finished <p>
Year: 2, Month: 2 - Gene Scanners research finished <p>
Year: 2, Month: 2 - Physics research finished <p>
Year: 2, Month: 2 - Electromagnetism research finished <p>
Year: 2, Month: 2 - Scouters research finished <p>
Year: 2, Month: 2 - Sparring Gloves research finished <p>
Year: 2, Month: 2 - Thermodynamics research finished <p>
Year: 2, Month: 2 - Fossil Fuels research finished <p>
Year: 2, Month: 2 - Oxygen research finished <p>
Year: 2, Month: 2 - Gravitational Fields research finished <p>
Year: 2, Month: 2 - Gravity Machine research finished <p>
Year: 2, Month: 2 - Microwave Domes research finished <p>
Year: 2, Month: 2 - Weather Control Machine research finished <p>
Year: 2, Month: 2 - Terraforming research finished <p>
Year: 2, Month: 2 - Engineering research finished <p>
Year: 2, Month: 2 - Shovels research finished <p>
Year: 2, Month: 2 - Hand Drill research finished <p>
Year: 2, Month: 2 - Super Drill research finished <p>
Year: 2, Month: 2 - Mining research finished <p>
Year: 2, Month: 2 - Resource Extractions research finished <p>
Year: 2, Month: 2 - Material Theories research finished <p>
Year: 2, Month: 2 - Weights research finished <p>
Year: 2, Month: 2 - Water Purifier research finished <p>
Year: 2, Month: 2 - Armors research finished <p>
Year: 2, Month: 2 - Battle Hammers research finished <p>
Year: 2, Month: 2 - Battle Axes research finished <p>
Year: 2, Month: 2 - Swords research finished <p>
Year: 2, Month: 2 - Structural Engineering research finished <p>
Year: 2, Month: 2 - Mechatronics Theory research finished <p>
Year: 2, Month: 2 - Spacecraft Hulls research finished <p>
Year: 2, Month: 2 - Space Pods research finished <p>
Year: 2, Month: 2 - Space Ships research finished <p>
Year: 2, Month: 2 - Storage Theories research finished <p>
Year: 2, Month: 2 - Basic Storage research finished <p>
Year: 2, Month: 2 - Refridgerators research finished <p>
Year: 2, Month: 2 - Locators research finished <p>
Year: 2, Month: 2 - Capsules research finished <p>
Year: 2, Month: 2 - Gene Mapping research finished <p>
Year: 2, Month: 2 - Advanced Resource Extractions research finished <p>
Year: 2, Month: 2 - Automated Drill Towers research finished <p>
Year: 2, Month: 2 - Molecular Engineering research finished <p>
Year: 2, Month: 2 - Loaded character <p>
Year: 2, Month: 2 - Due to inactivity you have 1 minute(s) of accelerated gains.  <p>
Year: 2, Month: 2 - Genetics research finished <p>
Year: 2, Month: 2 - Physics research finished <p>
Year: 2, Month: 2 - Engineering research finished <p>
Year: 2, Month: 2 - Water Purifier research finished <p>
Year: 2, Month: 3 - Month 3, Year 2  <p>
Year: 1, Month: 0 - Loaded character <p>
Year: 1, Month: 0 - Due to inactivity you have 1 minute(s) of accelerated gains.  <p>
Year: 2, Month: 3 - Select target  <p>
Year: 2, Month: 3 - Select target  <p>
Year: 2, Month: 3 - Select target  <p>
Year: 1, Month: 0 - Loaded character <p>
Year: 1, Month: 0 - Due to inactivity you have 0.4 minute(s) of accelerated gains.  <p>
Year: 1, Month: 0 - Genetics research finished <p>
Year: 1, Month: 0 - Gene Engineering research finished <p>
Year: 1, Month: 0 - Bioengineering Master research finished <p>
Year: 1, Month: 0 - Cloning research finished <p>
Year: 1, Month: 0 - Artifical DNA research finished <p>
Year: 1, Month: 0 - Medical Theories research finished <p>
Year: 1, Month: 0 - Drug Synthesis research finished <p>
Year: 1, Month: 0 - Regenerators research finished <p>
Year: 1, Month: 0 - Medical Equipment research finished <p>
Year: 1, Month: 0 - Gene Scanners research finished <p>
Year: 1, Month: 0 - Physics research finished <p>
Year: 1, Month: 0 - Electromagnetism research finished <p>
Year: 1, Month: 0 - Scouters research finished <p>
Year: 1, Month: 0 - Sparring Gloves research finished <p>
Year: 1, Month: 0 - Thermodynamics research finished <p>
Year: 1, Month: 0 - Fossil Fuels research finished <p>
Year: 1, Month: 0 - Oxygen research finished <p>
Year: 1, Month: 0 - Gravitational Fields research finished <p>
Year: 1, Month: 0 - Gravity Machine research finished <p>
Year: 1, Month: 0 - Microwave Domes research finished <p>
Year: 1, Month: 0 - Weather Control Machine research finished <p>
Year: 1, Month: 0 - Terraforming research finished <p>
Year: 1, Month: 0 - Engineering research finished <p>
Year: 1, Month: 0 - Shovels research finished <p>
Year: 1, Month: 0 - Hand Drill research finished <p>
Year: 1, Month: 0 - Super Drill research finished <p>
Year: 1, Month: 0 - Mining research finished <p>
Year: 1, Month: 0 - Resource Extractions research finished <p>
Year: 1, Month: 0 - Material Theories research finished <p>
Year: 1, Month: 0 - Weights research finished <p>
Year: 1, Month: 0 - Water Purifier research finished <p>
Year: 1, Month: 0 - Armors research finished <p>
Year: 1, Month: 0 - Battle Hammers research finished <p>
Year: 1, Month: 0 - Battle Axes research finished <p>
Year: 1, Month: 0 - Swords research finished <p>
Year: 1, Month: 0 - Structural Engineering research finished <p>
Year: 1, Month: 0 - Mechatronics Theory research finished <p>
Year: 1, Month: 0 - Spacecraft Hulls research finished <p>
Year: 1, Month: 0 - Space Pods research finished <p>
Year: 1, Month: 0 - Space Ships research finished <p>
Year: 1, Month: 0 - Storage Theories research finished <p>
Year: 1, Month: 0 - Basic Storage research finished <p>
Year: 1, Month: 0 - Refridgerators research finished <p>
Year: 1, Month: 0 - Locators research finished <p>
Year: 1, Month: 0 - Capsules research finished <p>
Year: 1, Month: 0 - Gene Mapping research finished <p>
Year: 1, Month: 0 - Advanced Resource Extractions research finished <p>
Year: 1, Month: 0 - Automated Drill Towers research finished <p>
Year: 1, Month: 0 - Molecular Engineering research finished <p>
Year: 1, Month: 0 - Loaded character <p>
Year: 1, Month: 0 - Genetics research finished <p>
Year: 1, Month: 0 - Gene Engineering research finished <p>
Year: 1, Month: 0 - Bioengineering Master research finished <p>
Year: 1, Month: 0 - Cloning research finished <p>
Year: 1, Month: 0 - Artifical DNA research finished <p>
Year: 1, Month: 0 - Medical Theories research finished <p>
Year: 1, Month: 0 - Drug Synthesis research finished <p>
Year: 1, Month: 0 - Regenerators research finished <p>
Year: 1, Month: 0 - Medical Equipment research finished <p>
Year: 1, Month: 0 - Gene Scanners research finished <p>
Year: 1, Month: 0 - Physics research finished <p>
Year: 1, Month: 0 - Electromagnetism research finished <p>
Year: 1, Month: 0 - Scouters research finished <p>
Year: 1, Month: 0 - Sparring Gloves research finished <p>
Year: 1, Month: 0 - Thermodynamics research finished <p>
Year: 1, Month: 0 - Fossil Fuels research finished <p>
Year: 1, Month: 0 - Oxygen research finished <p>
Year: 1, Month: 0 - Gravitational Fields research finished <p>
Year: 1, Month: 0 - Gravity Machine research finished <p>
Year: 1, Month: 0 - Microwave Domes research finished <p>
Year: 1, Month: 0 - Weather Control Machine research finished <p>
Year: 1, Month: 0 - Terraforming research finished <p>
Year: 1, Month: 0 - Engineering research finished <p>
Year: 1, Month: 0 - Shovels research finished <p>
Year: 1, Month: 0 - Hand Drill research finished <p>
Year: 1, Month: 0 - Super Drill research finished <p>
Year: 1, Month: 0 - Mining research finished <p>
Year: 1, Month: 0 - Resource Extractions research finished <p>
Year: 1, Month: 0 - Material Theories research finished <p>
Year: 1, Month: 0 - Weights research finished <p>
Year: 1, Month: 0 - Water Purifier research finished <p>
Year: 1, Month: 0 - Armors research finished <p>
Year: 1, Month: 0 - Battle Hammers research finished <p>
Year: 1, Month: 0 - Battle Axes research finished <p>
Year: 1, Month: 0 - Swords research finished <p>
Year: 1, Month: 0 - Structural Engineering research finished <p>
Year: 1, Month: 0 - Mechatronics Theory research finished <p>
Year: 1, Month: 0 - Spacecraft Hulls research finished <p>
Year: 1, Month: 0 - Space Pods research finished <p>
Year: 1, Month: 0 - Space Ships research finished <p>
Year: 1, Month: 0 - Storage Theories research finished <p>
Year: 1, Month: 0 - Basic Storage research finished <p>
Year: 1, Month: 0 - Refridgerators research finished <p>
Year: 1, Month: 0 - Locators research finished <p>
Year: 1, Month: 0 - Capsules research finished <p>
Year: 1, Month: 0 - Gene Mapping research finished <p>
Year: 1, Month: 0 - Advanced Resource Extractions research finished <p>
Year: 1, Month: 0 - Automated Drill Towers research finished <p>
Year: 1, Month: 0 - Molecular Engineering research finished <p>
Year: 1, Month: 0 - Genetics research finished <p>
Year: 1, Month: 0 - Physics research finished <p>
Year: 1, Month: 0 - Engineering research finished <p>
Year: 1, Month: 0 - Water Purifier research finished <p>
