Year: 1, Month: 0 - Genetics research finished <p>
Year: 1, Month: 0 - Physics research finished <p>
Year: 1, Month: 0 - Electromagnetism research finished <p>
Year: 1, Month: 0 - Gravitational Fields research finished <p>
Year: 1, Month: 0 - Gravity Machine research finished <p>
Year: 1, Month: 0 - Microwave Domes research finished <p>
Year: 1, Month: 0 - Weather Control Machine research finished <p>
Year: 1, Month: 0 - Engineering research finished <p>
Year: 1, Month: 0 - Water Purifier research finished <p>
Year: 1, Month: 0 - You need to be near an artifact!  <p>
Year: 1, Month: 0 - You need to be near an artifact!  <p>
Year: 1, Month: 0 - You need to be near an artifact!  <p>
Year: 1, Month: 0 - You have become resilient to this form of training. (Meditating)  <p>
Year: 1, Month: 1 - Month 1, Year 1  <p>
Year: 1, Month: 2 - Month 2, Year 1  <p>
Year: 1, Month: 3 - Month 3, Year 1  <p>
Year: 1, Month: 4 - Month 4, Year 1  <p>
Year: 1, Month: 5 - Month 5, Year 1  <p>
Year: 1, Month: 6 - Month 6, Year 1  <p>
Year: 1, Month: 7 - Month 7, Year 1  <p>
Year: 1, Month: 8 - Month 8, Year 1  <p>
Year: 1, Month: 9 - Month 9, Year 1  <p>
Year: 2, Month: 0 - Month 0, Year 2  <p>
Year: 2, Month: 1 - Month 1, Year 2  <p>
Year: 2, Month: 2 - Month 2, Year 2  <p>
