Year: 2, Month: 2 - Genetics research finished <p>
Year: 2, Month: 2 - Physics research finished <p>
Year: 2, Month: 2 - Electromagnetism research finished <p>
Year: 2, Month: 2 - Gravitational Fields research finished <p>
Year: 2, Month: 2 - Gravity Machine research finished <p>
Year: 2, Month: 2 - Microwave Domes research finished <p>
Year: 2, Month: 2 - Weather Control Machine research finished <p>
Year: 2, Month: 2 - Engineering research finished <p>
Year: 2, Month: 2 - Water Purifier research finished <p>
Year: 1, Month: 0 - Loaded character <p>
Year: 2, Month: 2 - You have become resilient to this form of training. (Meditating)  <p>
Year: 2, Month: 2 - Power Control leveled up to 2 <p>
Year: 2, Month: 2 - You were gifted 600 Dokuro coins!  <p>
Year: 2, Month: 2 - Study Passive increased by 15+  <p>
Year: 2, Month: 2 - Sparring Gloves research finished <p>
Year: 2, Month: 2 - Material Theories research finished <p>
Year: 2, Month: 2 - Armors research finished <p>
Year: 2, Month: 2 - Structural Engineering research finished <p>
Year: 2, Month: 2 - Molecular Engineering research finished <p>
Year: 2, Month: 2 - Energy Master increased by 500+  <p>
Year: 2, Month: 2 - Recovery Bonus increased by 100+  <p>
Year: 2, Month: 2 - Regeneration Bonus increased by 100+  <p>
Year: 2, Month: 2 - Deflection increased by 100+  <p>
Year: 2, Month: 2 - Bone Breaker increased by 200+  <p>
Year: 2, Month: 2 - Laceration increased by 200+  <p>
Year: 2, Month: 2 - Study Passive increased by 50+  <p>
Year: 2, Month: 2 - Medical Equipment research finished <p>
Year: 2, Month: 2 - Thermodynamics research finished <p>
Year: 2, Month: 2 - Shovels research finished <p>
Year: 2, Month: 2 - Mining research finished <p>
Year: 2, Month: 2 - Weights research finished <p>
Year: 2, Month: 2 - Battle Hammers research finished <p>
Year: 2, Month: 2 - Battle Axes research finished <p>
Year: 2, Month: 2 - Swords research finished <p>
Year: 2, Month: 2 - Exceeds max lift  <p>
Year: 2, Month: 2 - Exceeds max lift  <p>
Year: 2, Month: 2 - Exceeds max lift  <p>
Year: 2, Month: 2 - Exceeds max lift  <p>
Year: 2, Month: 2 - Exceeds max lift  <p>
Year: 2, Month: 2 - Exceeds max lift  <p>
Year: 2, Month: 2 - Exceeds max lift  <p>
Year: 2, Month: 2 - Exceeds max lift  <p>
Year: 2, Month: 2 - Exceeds max lift  <p>
Year: 2, Month: 2 - You lack the required Copper needed: 700, You have: 0  <p>
Year: 2, Month: 2 - Admin Pass: Shovel created!  <p>
Year: 2, Month: 2 - You have become resilient to this form of training. (Training)  <p>
Year: 2, Month: 2 - Study Passive increased by 40+  <p>
Year: 2, Month: 2 - Medical Theories research finished <p>
Year: 2, Month: 2 - Gene Scanners research finished <p>
Year: 2, Month: 2 - Scouters research finished <p>
Year: 2, Month: 2 - You lack the required Copper needed: 3500, You have: 115  <p>
Year: 2, Month: 2 - Admin Pass: Scouter created!  <p>
Year: 2, Month: 2 - You need to select a target!  <p>
Year: 2, Month: 2 - Power Control leveled up to 3 <p>
Year: 2, Month: 2 - Flight leveled up to 2 <p>
Year: 2, Month: 2 - Flight leveled up to 3 <p>
Year: 2, Month: 2 - Flight leveled up to 4 <p>
Year: 2, Month: 2 - Power Control leveled up to 4 <p>
Year: 2, Month: 2 - Power Control leveled up to 5 <p>
Year: 2, Month: 2 - You created a Sleeveless Shirt!  <p>
Year: 2, Month: 2 - You created a Pants!  <p>
Year: 2, Month: 2 - You created a Boots!  <p>
Year: 1, Month: 0 - Loaded character <p>
Year: 2, Month: 2 - You do not have any made Beam techniques.  <p>
Year: 2, Month: 2 - You have successfully created the GALIC GUN Beam technique!  <p>
Year: 2, Month: 2 - You switched to a new Beam  <p>
Year: 2, Month: 2 - Beam leveled up to 2 <p>
Year: 2, Month: 2 - Beam leveled up to 3 <p>
Year: 2, Month: 2 - Beam leveled up to 4 <p>
Year: 2, Month: 2 - Beam leveled up to 5 <p>
Year: 2, Month: 2 - You switched to a new Beam  <p>
Year: 2, Month: 2 - Beam leveled up to 6 <p>
Year: 1, Month: 0 - Loaded character <p>
Year: 2, Month: 2 - Beam leveled up to 7 <p>
Year: 1, Month: 0 - Loaded character <p>
Year: 2, Month: 2 - Beam leveled up to 8 <p>
Year: 2, Month: 2 - You switched to a new Beam  <p>
Year: 2, Month: 2 - You switched to a new Beam  <p>
Year: 2, Month: 2 - Beam leveled up to 9 <p>
Year: 1, Month: 0 - Loaded character <p>
Year: 2, Month: 2 - Loaded character <p>
Year: 1, Month: 0 - Loaded character <p>
Year: 2, Month: 2 - Beam leveled up to 10 <p>
Year: 2, Month: 2 - Beam leveled up to 11 <p>
Year: 2, Month: 2 - You switched to a new Beam  <p>
Year: 2, Month: 2 - You switched to a new Beam  <p>
Year: 2, Month: 2 - Beam leveled up to 12 <p>
Year: 2, Month: 2 - You switched to a new Beam  <p>
Year: 2, Month: 2 - You switched to a new Beam  <p>
Year: 2, Month: 2 - You switched to a new Beam  <p>
Year: 1, Month: 0 - Loaded character <p>
Year: 2, Month: 2 - Loaded character <p>
Year: 2, Month: 2 - Beam leveled up to 13 <p>
Year: 1, Month: 0 - Loaded character <p>
Year: 2, Month: 2 - You switched to a new Beam  <p>
Year: 2, Month: 2 - You switched to a new Beam  <p>
Year: 2, Month: 2 - Beam leveled up to 14 <p>
Year: 2, Month: 2 - You switched to a new Beam  <p>
Year: 2, Month: 2 - You switched to a new Beam  <p>
Year: 2, Month: 2 - Attack leveled up to 2 <p>
Year: 2, Month: 2 - Charged Blast leveled up to 2 <p>
Year: 1, Month: 0 - Loaded character <p>
Year: 2, Month: 2 - Beam leveled up to 15 <p>
Year: 2, Month: 2 - Charged Blast leveled up to 3 <p>
Year: 2, Month: 2 - Charged Blast leveled up to 4 <p>
Year: 2, Month: 2 - Charged Blast leveled up to 5 <p>
Year: 1, Month: 0 - Loaded character <p>
Year: 2, Month: 2 - Charged Blast leveled up to 6 <p>
Year: 2, Month: 2 - You have become resilient to this form of training. (Blasting)  <p>
Year: 2, Month: 2 - Beam leveled up to 16 <p>
Year: 2, Month: 2 - Power Control leveled up to 6 <p>
Year: 2, Month: 2 - Loaded character <p>
Year: 2, Month: 2 - You switched to a new Beam  <p>
Year: 2, Month: 2 - You switched to a new Beam  <p>
Year: 2, Month: 2 - Beam leveled up to 17 <p>
Year: 2, Month: 2 - Charged Blast leveled up to 7 <p>
Year: 2, Month: 2 - Loaded character <p>
Year: 1, Month: 0 - Loaded character <p>
Year: 1, Month: 0 - You switched to a new Beam  <p>
Year: 2, Month: 2 - You switched to a new Beam  <p>
Year: 1, Month: 0 - Loaded character <p>
Year: 1, Month: 0 - Loaded character <p>
Year: 1, Month: 0 - Loaded character <p>
Year: 2, Month: 2 - Beam leveled up to 18 <p>
Year: 1, Month: 0 - Loaded character <p>
Year: 2, Month: 2 - You created a Campfire!  <p>
Year: 2, Month: 2 - You begin cooking Raw Leg Meat..  <p>
Year: 2, Month: 2 - You begin cooking Raw Leg Meat..  <p>
Year: 2, Month: 2 - Already full  <p>
Year: 2, Month: 2 - Charged Blast leveled up to 8 <p>
Year: 2, Month: 2 - Flight leveled up to 5 <p>
Year: 1, Month: 0 - Loaded character <p>
Year: 1, Month: 0 - Loaded character <p>
