Year: 2, Month: 2 - Genetics research finished <p>
Year: 2, Month: 2 - Physics research finished <p>
Year: 2, Month: 2 - Electromagnetism research finished <p>
Year: 2, Month: 2 - Gravitational Fields research finished <p>
Year: 2, Month: 2 - Gravity Machine research finished <p>
Year: 2, Month: 2 - Microwave Domes research finished <p>
Year: 2, Month: 2 - Weather Control Machine research finished <p>
Year: 2, Month: 2 - Engineering research finished <p>
Year: 2, Month: 2 - Water Purifier research finished <p>
Year: 2, Month: 2 - You do not have any made Beam techniques.  <p>
Year: 2, Month: 2 - You do not have any made Beam techniques.  <p>
Year: 2, Month: 2 - You have successfully created the Galick Gun Beam technique!  <p>
Year: 2, Month: 2 - You switched to a new Beam  <p>
Year: 2, Month: 2 - You switched to a new Beam  <p>
Year: 1, Month: 0 - Loaded character <p>
Year: 1, Month: 0 - Loaded character <p>
Year: 2, Month: 2 - Genetics research finished <p>
Year: 2, Month: 2 - Physics research finished <p>
Year: 2, Month: 2 - Electromagnetism research finished <p>
Year: 2, Month: 2 - Gravitational Fields research finished <p>
Year: 2, Month: 2 - Gravity Machine research finished <p>
Year: 2, Month: 2 - Microwave Domes research finished <p>
Year: 2, Month: 2 - Weather Control Machine research finished <p>
Year: 2, Month: 2 - Engineering research finished <p>
Year: 2, Month: 2 - Water Purifier research finished <p>
Year: 2, Month: 2 - Genetics research finished <p>
Year: 2, Month: 2 - Physics research finished <p>
Year: 2, Month: 2 - Electromagnetism research finished <p>
Year: 2, Month: 2 - Gravitational Fields research finished <p>
Year: 2, Month: 2 - Gravity Machine research finished <p>
Year: 2, Month: 2 - Microwave Domes research finished <p>
Year: 2, Month: 2 - Weather Control Machine research finished <p>
Year: 2, Month: 2 - Engineering research finished <p>
Year: 2, Month: 2 - Water Purifier research finished <p>
