Year - 1, Time - 2026-08-09T11:50:35 The omh(VOXTECH): says, 'oh shit'

Year - 1, Time - 2026-08-09T11:50:42 The omh(VOXTECH): says, 'i got wrecked'

Year - 1, Time - 2026-08-09T11:51:12 The omh(VOXTECH): says, 'ooooo whatchu sayyyy~~~'

Year - 1, Time - 2026-08-09T22:40:36 The omh(VOXTECH): says, 'testing'

Year - 1, Time - 2026-08-09T22:40:46 The omh(VOXTECH): says, '1,2,3,4'

Year - 1, Time - 2026-08-09T22:40:58 The omh(VOXTECH): exclaims, 'nigger!!'

Year - 1, Time - 2026-08-09T22:41:26 The omh(VOXTECH): exclaims, 'the quick brown fox jumped down my dick yeer yeeer yeeer!'

Year - 1, Time - 2026-08-09T22:41:47 The omh(VOXTECH): exclaims, 'yeer!!!'

Year - 1, Time - 2026-08-09T22:42:10 The omh(VOXTECH): says, 'yeeeer'

Year - 1, Time - 2026-08-09T22:45:10 The omh(VOXTECH): says, 'im so hard'

Year - 1, Time - 2026-08-09T22:45:21 The omh(VOXTECH): says, 'woah wtf'

Year - 1, Time - 2026-08-09T22:45:27 The omh(VOXTECH): says, 'hmm'

Year - 1, Time - 2026-08-09T22:49:24 The omh(VOXTECH): says, 'big dog'

Year - 1, Time - 2026-08-09T22:49:30 The omh(VOXTECH): says, 'thats what you dont get'

Year - 1, Time - 2026-08-09T22:49:34 The omh(VOXTECH): says, 'nigger'

Year - 1, Time - 2026-08-09T22:49:36 The omh(VOXTECH): says, 'spic'

Year - 1, Time - 2026-08-09T22:49:39 The omh(VOXTECH): says, 'idiot'

Year - 1, Time - 2026-08-09T22:51:30 The omh(VOXTECH): says, 'ugh'

Year - 1, Time - 2026-08-09T22:51:35 The omh(VOXTECH): says, 'i need to nut'

Year - 1, Time - 2026-08-09T22:52:26 The omh(VOXTECH): says, 'WOEEE'

Year - 1, Time - 2026-08-09T22:52:35 The omh(VOXTECH): says, 'THIS IS WEIRD'

Year - 1, Time - 2026-08-09T22:54:07 The omh(VOXTECH): says, 'lol'

Year - 1, Time - 2026-08-09T22:54:09 The omh(VOXTECH): says, 'enjoy'

Year - 1, Time - 2026-08-09T22:54:14 The omh(VOXTECH): says, 'hmm'

Year - 1, Time - 2026-08-09T22:54:17 The omh(VOXTECH): says, 'guess'

Year - 1, Time - 2026-08-09T22:54:21 The omh(VOXTECH): says, 'n'

Year - 1, Time - 2026-08-09T22:54:23 The omh(VOXTECH): says, 'i'

Year - 1, Time - 2026-08-09T23:21:47 The omh(VOXTECH): says, 'WOW'

Year - 1, Time - 2026-08-09T23:21:50 The omh(VOXTECH): says, '1111111111111111111111111'

Year - 1, Time - 2026-08-09T23:22:56 The omh(VOXTECH): says, 'HOLY SHIT'

