Year: 1, Month: 0 - Genetics research finished <p>
Year: 1, Month: 0 - Physics research finished <p>
Year: 1, Month: 0 - Electromagnetism research finished <p>
Year: 1, Month: 0 - Gravitational Fields research finished <p>
Year: 1, Month: 0 - Gravity Machine research finished <p>
Year: 1, Month: 0 - Microwave Domes research finished <p>
Year: 1, Month: 0 - Weather Control Machine research finished <p>
Year: 1, Month: 0 - Engineering research finished <p>
Year: 1, Month: 0 - Water Purifier research finished <p>
Year: 1, Month: 0 - Loaded character <p>
Year: 1, Month: 0 - Loaded character <p>
Year: 1, Month: 0 - You have become resilient to this form of training. (Meditating)  <p>
Year: 1, Month: 0 - Attack leveled up to 2 <p>
Year: 1, Month: 0 - Attack leveled up to 3 <p>
Year: 1, Month: 0 - Bone Breaker increased by 10+  <p>
Year: 1, Month: 0 - Energy Master increased by 10+  <p>
Year: 1, Month: 0 - Loaded character <p>
Year: 1, Month: 0 - You have successfully created the o Beam technique!  <p>
Year: 1, Month: 0 - You switched to a new Beam  <p>
Year: 1, Month: 0 - Loaded character <p>
Year: 1, Month: 0 - You switched to a new Beam  <p>
Year: 1, Month: 0 - Beam leveled up to 2 <p>
Year: 1, Month: 0 - You switched to a new Beam  <p>
Year: 1, Month: 0 - You switched to a new Beam  <p>
Year: 1, Month: 0 - Loaded character <p>
