Year: 1, Month: 0 - Genetics research finished <p>
Year: 1, Month: 0 - Physics research finished <p>
Year: 1, Month: 0 - Electromagnetism research finished <p>
Year: 1, Month: 0 - Gravitational Fields research finished <p>
Year: 1, Month: 0 - Gravity Machine research finished <p>
Year: 1, Month: 0 - Microwave Domes research finished <p>
Year: 1, Month: 0 - Weather Control Machine research finished <p>
Year: 1, Month: 0 - Engineering research finished <p>
Year: 1, Month: 0 - Water Purifier research finished <p>
Year: 1, Month: 0 - Loaded character <p>
Year: 1, Month: 0 - Loaded character <p>
Year: 1, Month: 0 - Loaded character <p>
Year: 1, Month: 0 - Loaded character <p>
Year: 1, Month: 0 - Attack leveled up to 2 <p>
Year: 1, Month: 0 - Attack leveled up to 3 <p>
Year: 1, Month: 0 - Attack leveled up to 4 <p>
Year: 1, Month: 0 - Attack leveled up to 5 <p>
Year: 1, Month: 0 - Attack leveled up to 6 <p>
Year: 1, Month: 0 - You do not have any made Beam techniques.  <p>
Year: 1, Month: 0 - You have successfully created the . Beam technique!  <p>
Year: 1, Month: 0 - You switched to a new Beam  <p>
Year: 1, Month: 0 - You need more wood to make something!  <p>
Year: 1, Month: 0 - Blast leveled up to 2 <p>
Year: 1, Month: 0 - Astral Projection leveled up to 2 <p>
Year: 1, Month: 0 - You have become resilient to this form of training. (Meditating)  <p>
Year: 1, Month: 1 - Month 1, Year 1  <p>
Year: 1, Month: 0 - Loaded character <p>
Year: 1, Month: 0 - Loaded character <p>
Year: 1, Month: 0 - You lack the required Stone needed: 38, You have: 0  <p>
Year: 1, Month: 0 - Admin Pass: Water Purifier created!  <p>
Year: 1, Month: 0 - You created a Campfire!  <p>
Year: 1, Month: 0 - Attack leveled up to 7 <p>
Year: 1, Month: 0 - You begin cooking Raw Steak..  <p>
Year: 1, Month: 0 - Already full  <p>
Year: 1, Month: 0 - You created a Boots!  <p>
Year: 1, Month: 0 - You begin cooking Raw Leg Meat..  <p>
Year: 1, Month: 0 - You created a Gloves!  <p>
Year: 1, Month: 0 - Energy Master increased by 100+  <p>
Year: 1, Month: 0 - Recovery Bonus increased by 50+  <p>
Year: 1, Month: 0 - Regeneration Bonus increased by 50+  <p>
Year: 1, Month: 0 - Study Passive increased by 40+  <p>
Year: 1, Month: 0 - Sparring Gloves research finished <p>
Year: 1, Month: 0 - Material Theories research finished <p>
Year: 1, Month: 0 - Weights research finished <p>
Year: 1, Month: 0 - Armors research finished <p>
Year: 1, Month: 0 - Battle Hammers research finished <p>
Year: 1, Month: 0 - Battle Axes research finished <p>
Year: 1, Month: 0 - Swords research finished <p>
Year: 1, Month: 0 - Structural Engineering research finished <p>
Year: 1, Month: 0 - Molecular Engineering research finished <p>
Year: 1, Month: 0 - Exceeds max lift  <p>
Year: 1, Month: 0 - You created a Pants!  <p>
Year: 1, Month: 0 - Loaded character <p>
Year: 1, Month: 0 - Loaded character <p>
Year: 1, Month: 0 - Loaded character <p>
Year: 1, Month: 0 - Bone Breaker increased by 50+  <p>
Year: 1, Month: 0 - Laceration increased by 50+  <p>
Year: 1, Month: 0 - Deflection increased by 50+  <p>
Year: 1, Month: 0 - You created a Hoodie!  <p>
Year: 1, Month: 0 - Attack leveled up to 8 <p>
Year: 1, Month: 0 - Attack leveled up to 9 <p>
Year: 1, Month: 0 - Already full  <p>
Year: 1, Month: 0 - Beam leveled up to 2 <p>
Year: 1, Month: 0 - Beam leveled up to 3 <p>
Year: 1, Month: 0 - Loaded character <p>
Year: 1, Month: 0 - Beam leveled up to 4 <p>
Year: 1, Month: 0 - Attack leveled up to 10 <p>
Year: 1, Month: 0 - Beam leveled up to 5 <p>
Year: 1, Month: 0 - Beam leveled up to 6 <p>
Year: 1, Month: 0 - Loaded character <p>
Year: 1, Month: 0 - Beam leveled up to 4 <p>
Year: 1, Month: 0 - Beam leveled up to 5 <p>
Year: 1, Month: 0 - Beam leveled up to 6 <p>
Year: 1, Month: 0 - Charged Blast leveled up to 2 <p>
Year: 1, Month: 0 - Charged Blast leveled up to 3 <p>
Year: 1, Month: 0 - Beam leveled up to 7 <p>
Year: 1, Month: 0 - Beam leveled up to 8 <p>
Year: 1, Month: 0 - You have become resilient to this form of training. (Blasting)  <p>
Year: 1, Month: 0 - Charged Blast leveled up to 4 <p>
Year: 1, Month: 0 - Charged Blast leveled up to 5 <p>
Year: 1, Month: 0 - You have become resilient to this form of training. (Blasting)  <p>
Year: 1, Month: 0 - Charged Blast leveled up to 6 <p>
Year: 1, Month: 0 - Charged Blast leveled up to 7 <p>
Year: 1, Month: 0 - Loaded character <p>
Year: 1, Month: 0 - Beam leveled up to 4 <p>
Year: 1, Month: 0 - Beam leveled up to 5 <p>
Year: 1, Month: 0 - Beam leveled up to 6 <p>
Year: 1, Month: 0 - Beam leveled up to 7 <p>
Year: 1, Month: 0 - Beam leveled up to 8 <p>
Year: 1, Month: 0 - Beam leveled up to 9 <p>
Year: 1, Month: 0 - Loaded character <p>
Year: 1, Month: 0 - Beam leveled up to 4 <p>
Year: 1, Month: 0 - Beam leveled up to 5 <p>
Year: 1, Month: 0 - Loaded character <p>
Year: 1, Month: 0 - Beam leveled up to 6 <p>
Year: 1, Month: 0 - Beam leveled up to 7 <p>
Year: 1, Month: 0 - Beam leveled up to 8 <p>
Year: 1, Month: 0 - Beam leveled up to 9 <p>
Year: 1, Month: 0 - You switched to a new Beam  <p>
Year: 1, Month: 0 - You switched to a new Beam  <p>
Year: 1, Month: 0 - Beam leveled up to 10 <p>
Year: 1, Month: 0 - Loaded character <p>
Year: 1, Month: 0 - Loaded character <p>
Year: 1, Month: 0 - Genetics research finished <p>
Year: 1, Month: 0 - Physics research finished <p>
Year: 1, Month: 0 - Electromagnetism research finished <p>
Year: 1, Month: 0 - Sparring Gloves research finished <p>
Year: 1, Month: 0 - Gravitational Fields research finished <p>
Year: 1, Month: 0 - Gravity Machine research finished <p>
Year: 1, Month: 0 - Microwave Domes research finished <p>
Year: 1, Month: 0 - Weather Control Machine research finished <p>
Year: 1, Month: 0 - Engineering research finished <p>
Year: 1, Month: 0 - Material Theories research finished <p>
Year: 1, Month: 0 - Weights research finished <p>
Year: 1, Month: 0 - Water Purifier research finished <p>
Year: 1, Month: 0 - Armors research finished <p>
Year: 1, Month: 0 - Battle Hammers research finished <p>
Year: 1, Month: 0 - Battle Axes research finished <p>
Year: 1, Month: 0 - Swords research finished <p>
Year: 1, Month: 0 - Structural Engineering research finished <p>
Year: 1, Month: 0 - Molecular Engineering research finished <p>
Year: 1, Month: 0 - Beam leveled up to 11 <p>
Year: 1, Month: 0 - Loaded character <p>
Year: 1, Month: 0 - Beam leveled up to 12 <p>
Year: 1, Month: 0 - Loaded character <p>
Year: 1, Month: 0 - Loaded character <p>
Year: 1, Month: 0 - Beam leveled up to 13 <p>
Year: 1, Month: 0 - Loaded character <p>
Year: 1, Month: 0 - Loaded character <p>
Year: 1, Month: 0 - Loaded character <p>
Year: 1, Month: 0 - Beam leveled up to 14 <p>
Year: 1, Month: 0 - Loaded character <p>
Year: 1, Month: 0 - Beam leveled up to 15 <p>
Year: 1, Month: 0 - Beam leveled up to 16 <p>
Year: 1, Month: 0 - Beam leveled up to 17 <p>
Year: 1, Month: 0 - Loaded character <p>
Year: 1, Month: 0 - Loaded character <p>
Year: 1, Month: 0 - Beam leveled up to 18 <p>
Year: 1, Month: 0 - Loaded character <p>
Year: 1, Month: 0 - You have become resilient to this form of training. (Blasting)  <p>
Year: 1, Month: 0 - Beam leveled up to 19 <p>
Year: 1, Month: 0 - Loaded character <p>
Year: 1, Month: 0 - Charged Blast leveled up to 2 <p>
Year: 1, Month: 0 - Destructo Disk leveled up to 2 <p>
Year: 1, Month: 0 - Destructo Disk leveled up to 3 <p>
Year: 1, Month: 0 - Loaded character <p>
Year: 1, Month: 0 - Beam leveled up to 20 <p>
Year: 1, Month: 0 - Loaded character <p>
Year: 1, Month: 0 - Loaded character <p>
Year: 1, Month: 0 - Loaded character <p>
Year: 1, Month: 0 - Loaded character <p>
Year: 1, Month: 0 - You switched to a new Beam  <p>
Year: 1, Month: 0 - Loaded character <p>
Year: 1, Month: 0 - Loaded character <p>
Year: 1, Month: 0 - Attack leveled up to 10 <p>
Year: 1, Month: 0 - Charged Blast leveled up to 3 <p>
Year: 1, Month: 0 - Charged Blast leveled up to 4 <p>
Year: 1, Month: 0 - Blast leveled up to 3 <p>
Year: 1, Month: 0 - Blast leveled up to 4 <p>
Year: 1, Month: 0 - Flight leveled up to 2 <p>
Year: 1, Month: 0 - Blast leveled up to 5 <p>
Year: 1, Month: 0 - Blast leveled up to 6 <p>
Year: 1, Month: 0 - You switched to a new Beam  <p>
Year: 1, Month: 0 - You switched to a new Beam  <p>
Year: 1, Month: 0 - Flight leveled up to 3 <p>
Year: 1, Month: 0 - Blast leveled up to 7 <p>
Year: 1, Month: 0 - Blast leveled up to 8 <p>
Year: 1, Month: 0 - Blast leveled up to 9 <p>
Year: 1, Month: 0 - Blast leveled up to 10 <p>
Year: 1, Month: 0 - Flight leveled up to 4 <p>
Year: 1, Month: 0 - Blast leveled up to 11 <p>
Year: 1, Month: 0 - Blast leveled up to 12 <p>
Year: 1, Month: 0 - Charged Blast leveled up to 5 <p>
Year: 1, Month: 0 - Charged Blast leveled up to 6 <p>
Year: 1, Month: 0 - Power Control leveled up to 2 <p>
Year: 1, Month: 0 - Loaded character <p>
Year: 1, Month: 0 - Power Control leveled up to 3 <p>
Year: 1, Month: 0 - Loaded character <p>
Year: 1, Month: 0 - Power Control leveled up to 4 <p>
Year: 1, Month: 0 - Loaded character <p>
Year: 1, Month: 0 - Loaded character <p>
Year: 1, Month: 0 - Loaded character <p>
Year: 1, Month: 0 - Power Control leveled up to 5 <p>
Year: 1, Month: 0 - Loaded character <p>
Year: 1, Month: 0 - Power Control leveled up to 6 <p>
Year: 1, Month: 0 - Loaded character <p>
Year: 1, Month: 0 - You switched to a new Beam  <p>
Year: 1, Month: 0 - You switched to a new Beam  <p>
Year: 1, Month: 0 - You switched to a new Beam  <p>
Year: 1, Month: 0 - You switched to a new Beam  <p>
Year: 1, Month: 1 - Month 1, Year 1  <p>
Year: 1, Month: 0 - Loaded character <p>
Year: 1, Month: 1 - Kaioken leveled up to 2 <p>
Year: 1, Month: 0 - Loaded character <p>
Year: 1, Month: 0 - Loaded character <p>
Year: 1, Month: 0 - Loaded character <p>
Year: 1, Month: 0 - Loaded character <p>
Year: 1, Month: 0 - Loaded character <p>
Year: 1, Month: 0 - Loaded character <p>
Year: 1, Month: 1 - Kaioken leveled up to 3 <p>
Year: 1, Month: 0 - Loaded character <p>
Year: 1, Month: 0 - Loaded character <p>
Year: 1, Month: 1 - Loaded character <p>
Year: 1, Month: 1 - Loaded character <p>
