Year: 2, Month: 2 - Genetics research finished <p>
Year: 2, Month: 2 - Physics research finished <p>
Year: 2, Month: 2 - Electromagnetism research finished <p>
Year: 2, Month: 2 - Gravitational Fields research finished <p>
Year: 2, Month: 2 - Gravity Machine research finished <p>
Year: 2, Month: 2 - Microwave Domes research finished <p>
Year: 2, Month: 2 - Weather Control Machine research finished <p>
Year: 2, Month: 2 - Engineering research finished <p>
Year: 2, Month: 2 - Water Purifier research finished <p>
Year: 1, Month: 0 - Loaded character <p>
Year: 1, Month: 0 - Loaded character <p>
Year: 1, Month: 0 - Loaded character <p>
Year: 1, Month: 0 - Loaded character <p>
Year: 1, Month: 0 - Attack leveled up to 2 <p>
Year: 1, Month: 0 - Loaded character <p>
Year: 1, Month: 0 - Loaded character <p>
Year: 1, Month: 0 - Loaded character <p>
Year: 1, Month: 0 - Loaded character <p>
Year: 1, Month: 0 - Loaded character <p>
Year: 1, Month: 0 - Loaded character <p>
Year: 1, Month: 0 - Loaded character <p>
Year: 1, Month: 0 - Loaded character <p>
Year: 1, Month: 0 - You have become resilient to this form of training. (Meditating)  <p>
Year: 1, Month: 0 - Kaioken leveled up to 2 <p>
Year: 1, Month: 0 - Loaded character <p>
Year: 1, Month: 0 - Loaded character <p>
Year: 1, Month: 0 - Loaded character <p>
Year: 1, Month: 0 - Loaded character <p>
Year: 1, Month: 0 - Loaded character <p>
Year: 1, Month: 0 - Loaded character <p>
Year: 1, Month: 0 - Loaded character <p>
Year: 1, Month: 0 - Loaded character <p>
Year: 1, Month: 0 - Loaded character <p>
